// Vitest Snapshot v1, https://vitest.dev/guide/snapshot.html

exports[`TheMenu > should match the snapshot 1`] = `
<div
  class="the-menu"
  data-v-677364ff=""
>
  <a
    class="the-menu__link"
    data-test-id="menu-link"
    data-v-677364ff=""
    href="/"
  >
    Seus favorecidos
  </a>
</div>
`;
