// Vitest Snapshot v1, https://vitest.dev/guide/snapshot.html

exports[`AddNewReceiver > should match the snapshot 1`] = `
<div
  class="add-new-receiver"
  data-test-id="add-new-receiver"
  data-v-25b32079=""
>
  <span
    class="add-new-receiver__text"
    data-v-25b32079=""
  >
    Seus favorecidos
  </span>
  <img
    class="add-new-receiver__icon"
    data-v-25b32079=""
    src="/src/assets/images/cross-icon.png"
  />
</div>
`;
